[2026-04-30 20:50:27] === EfficientNet-B0 @ 128x128 ablation START ===
name, memory.used [MiB], memory.total [MiB]
NVIDIA GeForce RTX 5080, 2032 MiB, 16303 MiB
[20:50:33] INFO === Reviewer-requested ablation: EfficientNet-B0 @ 128x128, recipe=a ===
[20:50:33] INFO GPU: {'backend': 'torch', 'gpus': ['NVIDIA GeForce RTX 5080'], 'device': 'GPU', 'keras_version': '3.14.0', 'torch_version': '2.11.0+cu128', 'cuda': '12.8', 'compute_capability': [12, 0]}
WARNING: All log messages before absl::InitializeLog() is called are written to STDERR
I0000 00:00:1777600233.210319   95064 port.cc:153] oneDNN custom operations are on. You may see slightly different numerical results due to floating-point round-off errors from different computation orders. To turn them off, set the environment variable `TF_ENABLE_ONEDNN_OPTS=0`.
WARNING: All log messages before absl::InitializeLog() is called are written to STDERR
I0000 00:00:1777600235.316650   95064 port.cc:153] oneDNN custom operations are on. You may see slightly different numerical results due to floating-point round-off errors from different computation orders. To turn them off, set the environment variable `TF_ENABLE_ONEDNN_OPTS=0`.
[20:50:35] INFO Splits: train=30800 val=6600 test=6600
[20:50:36] INFO Stage 1 — params=4054695
Epoch 1/10
963/963 - 240s - 249ms/step - accuracy: 0.4317 - loss: 1.2383 - val_accuracy: 0.5353 - val_loss: 1.0712 - learning_rate: 5.0000e-04
Epoch 2/10
963/963 - 201s - 208ms/step - accuracy: 0.5133 - loss: 1.1017 - val_accuracy: 0.5256 - val_loss: 1.0419 - learning_rate: 0.0010
Epoch 3/10
963/963 - 210s - 218ms/step - accuracy: 0.5400 - loss: 1.0515 - val_accuracy: 0.5571 - val_loss: 0.9949 - learning_rate: 9.6232e-04
Epoch 4/10
963/963 - 211s - 220ms/step - accuracy: 0.5446 - loss: 1.0366 - val_accuracy: 0.5635 - val_loss: 0.9717 - learning_rate: 8.5502e-04
Epoch 5/10
963/963 - 239s - 248ms/step - accuracy: 0.5515 - loss: 1.0222 - val_accuracy: 0.6161 - val_loss: 0.9147 - learning_rate: 6.9443e-04
Epoch 6/10
963/963 - 479s - 498ms/step - accuracy: 0.5571 - loss: 1.0136 - val_accuracy: 0.6071 - val_loss: 0.9197 - learning_rate: 5.0500e-04
Epoch 7/10
963/963 - 344s - 357ms/step - accuracy: 0.5592 - loss: 1.0112 - val_accuracy: 0.5962 - val_loss: 0.9266 - learning_rate: 3.1557e-04
Epoch 8/10
963/963 - 369s - 383ms/step - accuracy: 0.5588 - loss: 1.0045 - val_accuracy: 0.6112 - val_loss: 0.9055 - learning_rate: 1.5498e-04
Epoch 9/10
963/963 - 363s - 377ms/step - accuracy: 0.5630 - loss: 0.9978 - val_accuracy: 0.6029 - val_loss: 0.9158 - learning_rate: 4.7680e-05
Epoch 10/10
963/963 - 356s - 370ms/step - accuracy: 0.5637 - loss: 1.0010 - val_accuracy: 0.6085 - val_loss: 0.9096 - learning_rate: 1.0000e-05
Epoch 10: early stopping
Restoring model weights from the end of the best epoch: 5.
Epoch 1/15
963/963 - 437s - 454ms/step - accuracy: 0.6397 - loss: 0.8293 - val_accuracy: 0.7620 - val_loss: 0.5437 - learning_rate: 1.0000e-04
Epoch 2/15
963/963 - 396s - 412ms/step - accuracy: 0.8109 - loss: 0.4428 - val_accuracy: 0.8485 - val_loss: 0.3485 - learning_rate: 9.8759e-05
Epoch 3/15
963/963 - 435s - 452ms/step - accuracy: 0.9033 - loss: 0.2469 - val_accuracy: 0.9218 - val_loss: 0.2054 - learning_rate: 9.5098e-05
Epoch 4/15
963/963 - 370s - 384ms/step - accuracy: 0.9434 - loss: 0.1471 - val_accuracy: 0.9332 - val_loss: 0.1639 - learning_rate: 8.9201e-05
Epoch 5/15
963/963 - 408s - 424ms/step - accuracy: 0.9681 - loss: 0.0894 - val_accuracy: 0.9677 - val_loss: 0.0821 - learning_rate: 8.1363e-05
Epoch 6/15
963/963 - 340s - 353ms/step - accuracy: 0.9768 - loss: 0.0663 - val_accuracy: 0.9748 - val_loss: 0.0653 - learning_rate: 7.1977e-05
Epoch 7/15
963/963 - 349s - 363ms/step - accuracy: 0.9830 - loss: 0.0507 - val_accuracy: 0.9833 - val_loss: 0.0496 - learning_rate: 6.1515e-05
Epoch 8/15
963/963 - 298s - 310ms/step - accuracy: 0.9874 - loss: 0.0371 - val_accuracy: 0.9847 - val_loss: 0.0409 - learning_rate: 5.0500e-05
Epoch 9/15
963/963 - 303s - 315ms/step - accuracy: 0.9910 - loss: 0.0300 - val_accuracy: 0.9876 - val_loss: 0.0377 - learning_rate: 3.9485e-05
Epoch 10/15
963/963 - 379s - 393ms/step - accuracy: 0.9920 - loss: 0.0233 - val_accuracy: 0.9882 - val_loss: 0.0341 - learning_rate: 2.9023e-05
Epoch 11/15
963/963 - 299s - 310ms/step - accuracy: 0.9941 - loss: 0.0177 - val_accuracy: 0.9912 - val_loss: 0.0260 - learning_rate: 1.9637e-05
Epoch 12/15
963/963 - 318s - 330ms/step - accuracy: 0.9947 - loss: 0.0162 - val_accuracy: 0.9920 - val_loss: 0.0226 - learning_rate: 1.1799e-05
Epoch 13/15
963/963 - 716s - 743ms/step - accuracy: 0.9944 - loss: 0.0168 - val_accuracy: 0.9932 - val_loss: 0.0224 - learning_rate: 5.9020e-06
Epoch 14/15
963/963 - 675s - 701ms/step - accuracy: 0.9958 - loss: 0.0139 - val_accuracy: 0.9935 - val_loss: 0.0215 - learning_rate: 2.2411e-06
Epoch 15/15
963/963 - 724s - 752ms/step - accuracy: 0.9953 - loss: 0.0150 - val_accuracy: 0.9935 - val_loss: 0.0211 - learning_rate: 1.0000e-06
Restoring model weights from the end of the best epoch: 14.
[23:28:16] INFO Stage 1 best val_acc=0.6161, Stage 2 best=0.9935
[23:28:16] INFO Evaluating 'efficientnet_b0_128' on test set
[23:29:02] INFO Confusion matrix figure: C:\Users\miaot\Github\Project_DeepLearningClass\outputs\figures\efficientnet_b0_128_confusion_matrix.png
[23:29:03] INFO Training curves figure: C:\Users\miaot\Github\Project_DeepLearningClass\outputs\figures\efficientnet_b0_128_training_curves.png
[23:29:03] INFO Test accuracy: 0.9942   macro F1: 0.9944
[23:29:03] INFO Test acc=0.9942  macroF1=0.9944
[23:29:03] INFO Saved summary: C:\Users\miaot\Github\Project_DeepLearningClass\outputs\reports\effnet_128_ablation_summary.json
[2026-04-30 23:29:07] === EfficientNet-B0 @ 128x128 ablation DONE ===
