[2026-04-30 01:45:47] === FULL TRAINING RUN START ===
[2026-04-30 01:45:47] GPU info:
name, memory.used [MiB], memory.total [MiB]
NVIDIA GeForce RTX 5080, 2990 MiB, 16303 MiB
[2026-04-30 01:45:47] >>> running notebooks/03_model_a_baseline_cnn.ipynb (timeout=21600s)
WARNING: All log messages before absl::InitializeLog() is called are written to STDERR
I0000 00:00:1777531551.265281   55292 port.cc:153] oneDNN custom operations are on. You may see slightly different numerical results due to floating-point round-off errors from different computation orders. To turn them off, set the environment variable `TF_ENABLE_ONEDNN_OPTS=0`.
WARNING: All log messages before absl::InitializeLog() is called are written to STDERR
I0000 00:00:1777531552.718394   55292 port.cc:153] oneDNN custom operations are on. You may see slightly different numerical results due to floating-point round-off errors from different computation orders. To turn them off, set the environment variable `TF_ENABLE_ONEDNN_OPTS=0`.
[NbConvertApp] Writing 239772 bytes to notebooks\03_model_a_baseline_cnn.ipynb
[2026-04-30 05:00:58] <<< done notebooks/03_model_a_baseline_cnn.ipynb
[2026-04-30 05:00:58] >>> running notebooks/04_model_b_mobilenetv2.ipynb (timeout=21600s)
WARNING: All log messages before absl::InitializeLog() is called are written to STDERR
I0000 00:00:1777543262.857587   89920 port.cc:153] oneDNN custom operations are on. You may see slightly different numerical results due to floating-point round-off errors from different computation orders. To turn them off, set the environment variable `TF_ENABLE_ONEDNN_OPTS=0`.
WARNING: All log messages before absl::InitializeLog() is called are written to STDERR
I0000 00:00:1777543265.169977   89920 port.cc:153] oneDNN custom operations are on. You may see slightly different numerical results due to floating-point round-off errors from different computation orders. To turn them off, set the environment variable `TF_ENABLE_ONEDNN_OPTS=0`.
[NbConvertApp] Writing 221858 bytes to notebooks\04_model_b_mobilenetv2.ipynb
[2026-04-30 06:52:50] <<< done notebooks/04_model_b_mobilenetv2.ipynb
[2026-04-30 06:52:50] >>> running notebooks/05_model_c_vgg16.ipynb (timeout=21600s)
WARNING: All log messages before absl::InitializeLog() is called are written to STDERR
I0000 00:00:1777549974.711107    7620 port.cc:153] oneDNN custom operations are on. You may see slightly different numerical results due to floating-point round-off errors from different computation orders. To turn them off, set the environment variable `TF_ENABLE_ONEDNN_OPTS=0`.
WARNING: All log messages before absl::InitializeLog() is called are written to STDERR
I0000 00:00:1777549976.529428    7620 port.cc:153] oneDNN custom operations are on. You may see slightly different numerical results due to floating-point round-off errors from different computation orders. To turn them off, set the environment variable `TF_ENABLE_ONEDNN_OPTS=0`.
[NbConvertApp] Writing 193595 bytes to notebooks\05_model_c_vgg16.ipynb
[2026-04-30 08:04:11] <<< done notebooks/05_model_c_vgg16.ipynb
[2026-04-30 08:04:11] >>> running notebooks/06_model_comparison.ipynb (timeout=900s)
[NbConvertApp] Converting notebook notebooks/06_model_comparison.ipynb to notebook
C:\Users\miaot\AppData\Local\Programs\Python\Python312\Lib\site-packages\zmq\_future.py:718: RuntimeWarning: Proactor event loop does not implement add_reader family of methods required for zmq. Registering an additional selector thread for add_reader support via tornado. Use `asyncio.set_event_loop_policy(WindowsSelectorEventLoopPolicy())` to avoid this warning.
  self._get_loop()
[NbConvertApp] Writing 231315 bytes to notebooks\06_model_comparison.ipynb
[2026-04-30 08:04:16] <<< done notebooks/06_model_comparison.ipynb
[2026-04-30 08:04:16] >>> running notebooks/07_grad_cam.ipynb (timeout=1800s)
WARNING: All log messages before absl::InitializeLog() is called are written to STDERR
I0000 00:00:1777554263.444833   67484 port.cc:153] oneDNN custom operations are on. You may see slightly different numerical results due to floating-point round-off errors from different computation orders. To turn them off, set the environment variable `TF_ENABLE_ONEDNN_OPTS=0`.
WARNING: All log messages before absl::InitializeLog() is called are written to STDERR
I0000 00:00:1777554265.190181   67484 port.cc:153] oneDNN custom operations are on. You may see slightly different numerical results due to floating-point round-off errors from different computation orders. To turn them off, set the environment variable `TF_ENABLE_ONEDNN_OPTS=0`.
[NbConvertApp] Writing 3098563 bytes to notebooks\07_grad_cam.ipynb
[2026-04-30 08:04:32] <<< done notebooks/07_grad_cam.ipynb
[2026-04-30 08:04:32] >>> running notebooks/08_final_report.ipynb (timeout=900s)
[NbConvertApp] Converting notebook notebooks/08_final_report.ipynb to notebook
C:\Users\miaot\AppData\Local\Programs\Python\Python312\Lib\site-packages\zmq\_future.py:718: RuntimeWarning: Proactor event loop does not implement add_reader family of methods required for zmq. Registering an additional selector thread for add_reader support via tornado. Use `asyncio.set_event_loop_policy(WindowsSelectorEventLoopPolicy())` to avoid this warning.
  self._get_loop()
[NbConvertApp] Writing 23758 bytes to notebooks\08_final_report.ipynb
[2026-04-30 08:04:36] <<< done notebooks/08_final_report.ipynb
Wrote: C:\Users\miaot\Github\Project_DeepLearningClass\outputs\reports\00_final_report.md
[2026-04-30 08:04:37] === FULL TRAINING RUN COMPLETE ===
