[12:38:38] INFO === Config a — bare: AdamW + cosine, no recipe extras ===
[12:38:38] INFO Schedule: stage1=1 epochs @ lr=0.001, stage2=1 epochs @ lr=0.0001, warmup=2
[12:38:38] INFO GPU: {'backend': 'torch', 'gpus': ['NVIDIA GeForce RTX 5080'], 'device': 'GPU', 'keras_version': '3.14.0', 'torch_version': '2.11.0+cu128', 'cuda': '12.8', 'compute_capability': [12, 0]}
[12:38:40] INFO Stage 1 — backbone frozen, 5124 trainable params
[12:39:26] INFO Stage 1 best val_acc=0.4121, Stage 2 best=0.4970
[12:39:26] INFO Evaluating on clean test set...
[12:39:48] INFO === Config a — bare: AdamW + cosine, no recipe extras ===
[12:39:48] INFO Schedule: stage1=1 epochs @ lr=0.001, stage2=1 epochs @ lr=0.0001, warmup=2
[12:39:48] INFO GPU: {'backend': 'torch', 'gpus': ['NVIDIA GeForce RTX 5080'], 'device': 'GPU', 'keras_version': '3.14.0', 'torch_version': '2.11.0+cu128', 'cuda': '12.8', 'compute_capability': [12, 0]}
[12:39:50] INFO Stage 1 — backbone frozen, 5124 trainable params
[12:40:35] INFO Stage 1 best val_acc=0.4061, Stage 2 best=0.5121
[12:40:35] INFO Evaluating on clean test set...
[12:40:37] INFO Test acc=0.5121  macroF1=0.4380
[12:41:30] INFO === Config a — bare: AdamW + cosine, no recipe extras ===
[12:41:30] INFO Schedule: stage1=10 epochs @ lr=0.001, stage2=15 epochs @ lr=0.0001, warmup=2
[12:41:30] INFO GPU: {'backend': 'torch', 'gpus': ['NVIDIA GeForce RTX 5080'], 'device': 'GPU', 'keras_version': '3.14.0', 'torch_version': '2.11.0+cu128', 'cuda': '12.8', 'compute_capability': [12, 0]}
[12:41:32] INFO Stage 1 — backbone frozen, 5124 trainable params
[15:14:21] INFO Stage 1 best val_acc=0.6800, Stage 2 best=0.9988
[15:14:21] INFO Evaluating on clean test set...
[15:14:56] INFO Test acc=0.9988  macroF1=0.9989
